// Jest Snapshot v1, https://goo.gl/fbAQLP

exports[`TermsAndCondition render Page TermsAndCondition snapshot 1`] = `
<div>
  <div
    class=""
  >
    <div>
      <div
        data-testid="termsConditionData"
      >
        This is terms and condition for project
      </div>
      <div
        class="ant-row"
        style="margin: -8px -8px -8px -8px;"
      >
        <div
          class="ant-col ant-col-md-12 ant-col-lg-12"
          style="padding: 8px 8px 8px 8px;"
        >
          <div>
            <p
              class=""
              style="margin-bottom: 0px; display: flex; align-items: center;"
            >
              <span>
                <div
                  class=""
                  style="height: 20px; width: 20px; border-width: 2px; border-color: #8c8c8c80; border-style: solid; border-radius: 2px; display: flex; align-items: center; justify-content: center;"
                >
                  <input
                    data-testid="checkbox"
                    hidden=""
                    name=""
                    type="checkbox"
                    value=""
                  />
                </div>
              </span>
            </p>
            <span />
          </div>
        </div>
      </div>
      <div
        class="ant-row"
        style="margin: -8px -8px -8px -8px;"
      >
        <div
          class="ant-col ant-col-24"
          style="padding: 8px 8px 8px 8px;"
        >
          <button
            class="ant-btn ant-btn-primary ant-btn-round undefined undefined"
            data-testid="termsButton"
            disabled=""
            type="button"
          >
            <span>
              common:SAVE
            </span>
          </button>
        </div>
      </div>
    </div>
  </div>
</div>
`;
